LIBLDM_0 {
  global:
    ldm_device_add_child;
    ldm_device_attribute_get_type;
    ldm_device_get_attributes;
    ldm_device_get_children;
    ldm_device_get_device_type;
    ldm_device_get_type;
    ldm_device_get_modalias;
    ldm_device_get_name;
    ldm_device_get_path;
    ldm_device_get_parent;
    ldm_device_get_product_id;
    ldm_device_get_vendor;
    ldm_device_get_vendor_id;
    ldm_device_has_attribute;
    ldm_device_has_type;
    ldm_remove_remove_child;
    ldm_device_type_get_type;
    ldm_driver_get_name;
    ldm_driver_get_priority;
    ldm_driver_get_type;
    ldm_driver_set_name;
    ldm_driver_set_priority;
    ldm_gpu_config_count;
    ldm_gpu_config_get_gpu_type;
    ldm_gpu_config_get_manager;
    ldm_gpu_config_get_type;
    ldm_gpu_config_has_type;
    ldm_gpu_config_new;
    ldm_gpu_type_get_type;
    ldm_manager_new;
    ldm_manager_get_devices;
    ldm_manager_get_type;
    ldm_modalias_get_driver;
    ldm_modalias_get_match;
    ldm_modalias_get_package;
    ldm_modalias_get_type;
    ldm_modalias_matches;
    ldm_modalias_matches_device;
    ldm_modalias_new;
    ldm_modalias_driver_add_modalias;
    ldm_modalias_driver_get_type;
    ldm_modalias_driver_new;
    ldm_modalias_driver_new_from_file;
    ldm_modalias_driver_new_from_filename;
    ldm_pci_device_get_type;
    ldm_pci_vendor_id_get_type;
    ldm_usb_device_get_type;
  local:
    *;
};
